// Jest Snapshot v1, https://goo.gl/fbAQLP

exports[`TodoItem snapshot 1`] = `
<DocumentFragment>
  <label>
    <div>
      <input
        type="checkbox"
      />
      <span>
        test
      </span>
      <button
        disabled=""
      >
        remove
      </button>
    </div>
  </label>
</DocumentFragment>
`;
