// Jest Snapshot v1, https://goo.gl/fbAQLP

exports[`TodoItem snapshot 1`] = `
<DocumentFragment>
  <label>
    <div>
      <input
        type="checkbox"
      />
      <span>
        test
      </span>
      <button
        class="spectrum-Button spectrum-Button--cta spectrum-Button--sizeM"
        disabled=""
      >
        <span
          class="spectrum-Button-label"
        >
          Remove
        </span>
      </button>
    </div>
  </label>
</DocumentFragment>
`;
